This is TeX, Version 3.1415 (C version 6.1) (format=latex 1.9.5)  13 JAN 2003 13:16
**&latex2e cvnsa
(cvnsa
LaTeX2e <2000/06/01>
Babel <v3.7h> and hyphenation patterns for english, loaded.
(/usr/local/lib/tex/latex2e/unpacked/amsart.cls
Document Class: amsart 1999/11/29 v2.0
\linespacing=\dimen102
\normalparindent=\dimen103
\normaltopskip=\skip41
(/usr/local/lib/tex/latex2e/unpacked/amsgen.sty
File: amsgen.sty 1999/11/30 v2.0
\@emptytoks=\toks14
\ex@=\dimen104
)
(/usr/local/lib/tex/latex2e/unpacked/amsmath.sty
Package: amsmath 2000/07/18 v2.13 AMS math features
\@mathmargin=\skip42

For additional information on amsmath, use the `?' option.
(/usr/local/lib/tex/latex2e/unpacked/amstext.sty
Package: amstext 2000/06/29 v2.01
)
(/usr/local/lib/tex/latex2e/unpacked/amsbsy.sty
Package: amsbsy 1999/11/29 v1.2d
\pmbraise@=\dimen105
)
(/usr/local/lib/tex/latex2e/unpacked/amsopn.sty
Package: amsopn 1999/12/14 v2.01 operator names
)
\inf@bad=\count79
LaTeX Info: Redefining \frac on input line 211.
\uproot@=\count80
\leftroot@=\count81
LaTeX Info: Redefining \overline on input line 307.
\classnum@=\count82
\DOTSCASE@=\count83
LaTeX Info: Redefining \ldots on input line 379.
LaTeX Info: Redefining \dots on input line 382.
LaTeX Info: Redefining \cdots on input line 467.
\Mathstrutbox@=\box26
\strutbox@=\box27
\big@size=\dimen106
LaTeX Font Info:    Redeclaring font encoding OML on input line 567.
LaTeX Font Info:    Redeclaring font encoding OMS on input line 568.
\macc@depth=\count84
\c@MaxMatrixCols=\count85
\dotsspace@=\muskip10
\c@parentequation=\count86
\dspbrk@lvl=\count87
\tag@help=\toks15
\row@=\count88
\column@=\count89
\maxfields@=\count90
\andhelp@=\toks16
\eqnshift@=\dimen107
\alignsep@=\dimen108
\tagshift@=\dimen109
\tagwidth@=\dimen110
\totwidth@=\dimen111
\lineht@=\dimen112
\@envbody=\toks17
\multlinegap=\skip43
\multlinetaggap=\skip44
\mathdisplay@stack=\toks18
LaTeX Info: Redefining \[ on input line 2666.
LaTeX Info: Redefining \] on input line 2667.
)
LaTeX Font Info:    Try loading font information for U+msa on input line 376.

(/usr/local/lib/tex/latex2e/unpacked/umsa.fd
File: umsa.fd 1995/01/05 v2.2e AMS font definitions
)
(/usr/local/lib/tex/latex2e/unpacked/amsfonts.sty
Package: amsfonts 1997/03/24 v2.2c
\symAMSa=\mathgroup4
\symAMSb=\mathgroup5
LaTeX Font Info:    Overwriting math alphabet `\mathfrak' in version `bold'
(Font)                  U/euf/m/n --> U/euf/b/n on input line 133.
)
\copyins=\insert233
\abstractbox=\box28
\listisep=\skip45
\c@part=\count91
\c@section=\count92
\c@subsection=\count93
\c@subsubsection=\count94
\c@paragraph=\count95
\c@subparagraph=\count96
\c@figure=\count97
\c@table=\count98
\abovecaptionskip=\skip46
\belowcaptionskip=\skip47
\captionindent=\dimen113
\thm@style=\toks19
\thm@bodyfont=\toks20
\thm@headfont=\toks21
\thm@notefont=\toks22
\thm@headpunct=\toks23
\thm@preskip=\skip48
\thm@postskip=\skip49
\thm@headsep=\skip50
\dth@everypar=\toks24
)
No file cvnsa.aux.
LaTeX Font Info:    Checking defaults for OML/cmm/m/it on input line 4.
LaTeX Font Info:    ... okay on input line 4.
LaTeX Font Info:    Checking defaults for T1/cmr/m/n on input line 4.
LaTeX Font Info:    ... okay on input line 4.
LaTeX Font Info:    Checking defaults for OT1/cmr/m/n on input line 4.
LaTeX Font Info:    ... okay on input line 4.
LaTeX Font Info:    Checking defaults for OMS/cmsy/m/n on input line 4.
LaTeX Font Info:    ... okay on input line 4.
LaTeX Font Info:    Checking defaults for OMX/cmex/m/n on input line 4.
LaTeX Font Info:    ... okay on input line 4.
LaTeX Font Info:    Checking defaults for U/cmr/m/n on input line 4.
LaTeX Font Info:    ... okay on input line 4.
LaTeX Font Info:    Try loading font information for U+msa on input line 4.
(/usr/local/lib/tex/latex2e/unpacked/umsa.fd
File: umsa.fd 1995/01/05 v2.2e AMS font definitions
)
LaTeX Font Info:    Try loading font information for U+msb on input line 4.

(/usr/local/lib/tex/latex2e/unpacked/umsb.fd
File: umsb.fd 1995/01/05 v2.2e AMS font definitions
)
Underfull \vbox (badness 10000) has occurred while \output is active []

 [1]
[2] (cvnsa.aux) ) 
Here is how much of TeX's memory you used:
 1332 strings out of 10880
 13677 string characters out of 71623
 62289 words of memory out of 262141
 4092 multiletter control sequences out of 9500
 11253 words of font info for 44 fonts, out of 100000 for 255
 176 hyphenation exceptions out of 607
 31i,5n,26p,263b,257s stack positions out of 300i,40n,60p,3000b,4000s

Output written on cvnsa.dvi (2 pages, 3880 bytes).
