This is TeX, Version 3.1415 (C version 6.1.2.1) (format=latex 6.2.12)  18 MAY 2007 09:09
**&latex2e S
(S.tex
LaTeX2e(BETA TEST RELEASE)  <2005/12/01>
Babel <v3.7h> and hyphenation patterns for english, loaded.
(/usr/local/lib/tex/latex2e/unpacked/amsart.cls
Document Class: amsart 2000/10/26 v2.08
\linespacing=\dimen102
\normalparindent=\dimen103
\normaltopskip=\skip41
(/usr/local/lib/tex/latex2e/unpacked/amsmath.sty
Package: amsmath 2000/07/18 v2.13 AMS math features
\@mathmargin=\skip42

For additional information on amsmath, use the `?' option.
(/usr/local/lib/tex/latex2e/unpacked/amstext.sty
Package: amstext 2000/06/29 v2.01

(/usr/local/lib/tex/latex2e/unpacked/amsgen.sty
File: amsgen.sty 1999/11/30 v2.0
\@emptytoks=\toks14
\ex@=\dimen104
))
(/usr/local/lib/tex/latex2e/unpacked/amsbsy.sty
Package: amsbsy 1999/11/29 v1.2d
\pmbraise@=\dimen105
)
(/usr/local/lib/tex/latex2e/unpacked/amsopn.sty
Package: amsopn 1999/12/14 v2.01 operator names
)
\inf@bad=\count79
LaTeX Info: Redefining \frac on input line 211.
\uproot@=\count80
\leftroot@=\count81
LaTeX Info: Redefining \overline on input line 307.
\classnum@=\count82
\DOTSCASE@=\count83
LaTeX Info: Redefining \ldots on input line 379.
LaTeX Info: Redefining \dots on input line 382.
LaTeX Info: Redefining \cdots on input line 467.
\Mathstrutbox@=\box26
\strutbox@=\box27
\big@size=\dimen106
LaTeX Font Info:    Redeclaring font encoding OML on input line 567.
LaTeX Font Info:    Redeclaring font encoding OMS on input line 568.
\macc@depth=\count84
\c@MaxMatrixCols=\count85
\dotsspace@=\muskip10
\c@parentequation=\count86
\dspbrk@lvl=\count87
\tag@help=\toks15
\row@=\count88
\column@=\count89
\maxfields@=\count90
\andhelp@=\toks16
\eqnshift@=\dimen107
\alignsep@=\dimen108
\tagshift@=\dimen109
\tagwidth@=\dimen110
\totwidth@=\dimen111
\lineht@=\dimen112
\@envbody=\toks17
\multlinegap=\skip43
\multlinetaggap=\skip44
\mathdisplay@stack=\toks18
LaTeX Info: Redefining \[ on input line 2666.
LaTeX Info: Redefining \] on input line 2667.
)
LaTeX Font Info:    Try loading font information for U+msa on input line 395.

(/usr/local/lib/tex/latex2e/unpacked/umsa.fd
File: umsa.fd 2002/01/19 v2.2g AMS font definitions
)
(/usr/local/lib/tex/latex2e/unpacked/amsfonts.sty
Package: amsfonts 2001/10/25 v2.2f
\symAMSa=\mathgroup4
\symAMSb=\mathgroup5
LaTeX Font Info:    Overwriting math alphabet `\mathfrak' in version `bold'
(Font)                  U/euf/m/n --> U/euf/b/n on input line 132.
)
\copyins=\insert233
\abstractbox=\box28
\listisep=\skip45
\c@part=\count91
\c@section=\count92
\c@subsection=\count93
\c@subsubsection=\count94
\c@paragraph=\count95
\c@subparagraph=\count96
\c@figure=\count97
\c@table=\count98
\abovecaptionskip=\skip46
\belowcaptionskip=\skip47
\captionindent=\dimen113
\thm@style=\toks19
\thm@bodyfont=\toks20
\thm@headfont=\toks21
\thm@notefont=\toks22
\thm@headpunct=\toks23
\thm@preskip=\skip48
\thm@postskip=\skip49
\thm@headsep=\skip50
\dth@everypar=\toks24
)
(/usr/local/lib/tex/latex2e/unpacked/graphics.sty
Package: graphics 2001/07/07 v1.0n Standard LaTeX Graphics (DPC,SPQR)

(/usr/local/lib/tex/inputs/trig.sty
Package: trig 1994/10/16 v1.08 sin cos tan (DPC)
)
(/usr/local/lib/tex/latex2e/unpacked/graphics.cfg)
Package graphics Info: Driver file: dvips.def on input line 80.

(/usr/local/lib/tex/latex2e/unpacked/dvips.def
File: dvips.def 1999/02/16 v3.0i Driver-dependant file (DPC,SPQR)
))
(/usr/local/lib/tex/latex2e/unpacked/amscd.sty
Package: amscd 1999/11/29 v2.0
\athelp@=\toks25
\minaw@=\dimen114
\bigaw@=\dimen115
\minCDarrowwidth=\dimen116
)
(/usr/local/lib/tex/latex2e/unpacked/amssymb.sty
Package: amssymb 2002/01/22 v2.2d
)
(/usr/local/lib/tex/latex2e/unpacked/latexsym.sty
Package: latexsym 1998/08/17 v2.2e Standard LaTeX package (lasy symbols)
\symlasy=\mathgroup6
LaTeX Font Info:    Overwriting symbol font `lasy' in version `bold'
(Font)                  U/lasy/m/n --> U/lasy/b/n on input line 47.
)
(/usr/local/lib/tex/latex/showlabels.sty)
(/usr/local/lib/tex/latex2e/unpacked/epsfig.sty
Package: epsfig 1999/02/16 v1.7a (e)psfig emulation (SPQR)

(/usr/local/lib/tex/latex2e/unpacked/graphicx.sty
Package: graphicx 1999/02/16 v1.0f Enhanced LaTeX Graphics (DPC,SPQR)

(/usr/local/lib/tex/latex2e/unpacked/keyval.sty
Package: keyval 1999/03/16 v1.13 key=value parser (DPC)
\KV@toks@=\toks26
)
\Gin@req@height=\dimen117
\Gin@req@width=\dimen118
)
\epsfxsize=\dimen119
\epsfysize=\dimen120
)
(/usr/local/lib/tex/latex2e/unpacked/flafter.sty
Package: flafter 2000/07/23 v1.2i Standard LaTeX floats after reference (FMi)
)
\c@theorem=\count99
 (S.aux)
LaTeX Font Info:    Checking defaults for OML/cmm/m/it on input line 65.
LaTeX Font Info:    ... okay on input line 65.
LaTeX Font Info:    Checking defaults for T1/cmr/m/n on input line 65.
LaTeX Font Info:    ... okay on input line 65.
LaTeX Font Info:    Checking defaults for OT1/cmr/m/n on input line 65.
LaTeX Font Info:    ... okay on input line 65.
LaTeX Font Info:    Checking defaults for OMS/cmsy/m/n on input line 65.
LaTeX Font Info:    ... okay on input line 65.
LaTeX Font Info:    Checking defaults for OMX/cmex/m/n on input line 65.
LaTeX Font Info:    ... okay on input line 65.
LaTeX Font Info:    Checking defaults for U/cmr/m/n on input line 65.
LaTeX Font Info:    ... okay on input line 65.
LaTeX Font Info:    Try loading font information for U+msa on input line 65.

(/usr/local/lib/tex/latex2e/unpacked/umsa.fd
File: umsa.fd 2002/01/19 v2.2g AMS font definitions
)
LaTeX Font Info:    Try loading font information for U+msb on input line 65.

(/usr/local/lib/tex/latex2e/unpacked/umsb.fd
File: umsb.fd 2002/01/19 v2.2g AMS font definitions
)
LaTeX Font Info:    Try loading font information for U+lasy on input line 65.

(/usr/local/lib/tex/latex2e/unpacked/ulasy.fd
File: ulasy.fd 1998/08/17 v2.2e LaTeX symbol font definitions
)
Underfull \vbox (badness 2608) has occurred while \output is active []

 [1]
[2] [3] [4] [5]
Overfull \hbox (35.7324pt too wide) detected at line 352
\OT1/cmr/m/n/12 (\OML/cmm/m/it/12 X[]; B[] \OT1/cmr/m/n/12 + \OML/cmm/m/it/12 c
[]C[] \OT1/cmr/m/n/12 + \OML/cmm/m/it/12 h[]H[] \OT1/cmr/m/n/12 + \OML/cmm/m/it
/12 ^^[\OT1/cmr/m/n/12 (\OML/cmm/m/it/12 H[] \OMS/cmsy/m/n/12 ^^@ \OML/cmm/m/it
/12 r[]C[]\OT1/cmr/m/n/12 )) \OMS/cmsy/m/n/12 ^^T \OT1/cmr/m/n/12 (\OML/cmm/m/i
t/12 W; B[] \OT1/cmr/m/n/12 + \OML/cmm/m/it/12 c[]C[] \OT1/cmr/m/n/12 + \OML/cm
m/m/it/12 h[]H[] \OT1/cmr/m/n/12 + \OML/cmm/m/it/12 ^^[\OT1/cmr/m/n/12 (\OML/cm
m/m/it/12 H[] \OMS/cmsy/m/n/12 ^^@ \OML/cmm/m/it/12 r[]C[]\OT1/cmr/m/n/12 ))\OM
L/cmm/m/it/12 :
 []

[6]
Overfull \hbox (10.15164pt too wide) detected at line 394
\OML/cmm/m/it/12 a\OT1/cmr/m/n/12 (\OML/cmm/m/it/12 E; X[]; B[] \OT1/cmr/m/n/12
 + \OML/cmm/m/it/12 c[]C[] \OT1/cmr/m/n/12 + \OML/cmm/m/it/12 h[]H[]\OT1/cmr/m/
n/12 ) \OMS/cmsy/m/n/12 ^^U \OML/cmm/m/it/12 a\OT1/cmr/m/n/12 (\OML/cmm/m/it/12
 E; W; B[] \OT1/cmr/m/n/12 + \OML/cmm/m/it/12 c[]C[] \OT1/cmr/m/n/12 + \OML/cmm
/m/it/12 h[]H[]\OT1/cmr/m/n/12 )
 []

[7]
Overfull \hbox (10.15164pt too wide) detected at line 470
\OML/cmm/m/it/12 a\OT1/cmr/m/n/12 (\OML/cmm/m/it/12 E; X[]; B[] \OT1/cmr/m/n/12
 + \OML/cmm/m/it/12 c[]C[] \OT1/cmr/m/n/12 + \OML/cmm/m/it/12 h[]H[]\OT1/cmr/m/
n/12 ) \OMS/cmsy/m/n/12 ^^U \OML/cmm/m/it/12 a\OT1/cmr/m/n/12 (\OML/cmm/m/it/12
 E; W; B[] \OT1/cmr/m/n/12 + \OML/cmm/m/it/12 c[]C[] \OT1/cmr/m/n/12 + \OML/cmm
/m/it/12 h[]H[]\OT1/cmr/m/n/12 )
 []


Overfull \hbox (10.15164pt too wide) detected at line 474
\OML/cmm/m/it/12 a\OT1/cmr/m/n/12 (\OML/cmm/m/it/12 E; X[]; B[] \OT1/cmr/m/n/12
 + \OML/cmm/m/it/12 c[]C[] \OT1/cmr/m/n/12 + \OML/cmm/m/it/12 h[]H[]\OT1/cmr/m/
n/12 ) \OMS/cmsy/m/n/12 ^^U \OML/cmm/m/it/12 a\OT1/cmr/m/n/12 (\OML/cmm/m/it/12
 E; W; B[] \OT1/cmr/m/n/12 + \OML/cmm/m/it/12 c[]C[] \OT1/cmr/m/n/12 + \OML/cmm
/m/it/12 h[]H[]\OT1/cmr/m/n/12 )
 []

[8]
Overfull \hbox (57.5074pt too wide) detected at line 490
\OT1/cmr/m/n/12 (\OML/cmm/m/it/12 K[] \OT1/cmr/m/n/12 + \OML/cmm/m/it/12 B[] \O
T1/cmr/m/n/12 + \OML/cmm/m/it/12 c[]C[] \OT1/cmr/m/n/12 + \OML/cmm/m/it/12 h[]H
[]\OT1/cmr/m/n/12 ) \OMS/cmsy/m/n/12 ^^A \OT1/cmr/m/n/12 ^^F[] = (\OML/cmm/m/it
/12 K[] \OT1/cmr/m/n/12 + \OML/cmm/m/it/12 B[] \OT1/cmr/m/n/12 + \OML/cmm/m/it/
12 c[]C[] \OT1/cmr/m/n/12 + \OML/cmm/m/it/12 h[]H[]\OT1/cmr/m/n/12 ) \OMS/cmsy/
m/n/12 ^^A \OT1/cmr/m/n/12 ^^F[] \OMS/cmsy/m/n/12 ^^T \OT1/cmr/m/n/12 0\OML/cmm
/m/it/12 :
 []

[9] [10]
Underfull \hbox (badness 10000) in paragraph at lines 578--580
[]\OT1/cmr/m/n/10 Y. Kawa-mata, \OT1/cmr/m/it/10 Flops con-nect min-i-mal mod-e
ls.
 []

[11] (S.aux) ) 
Here is how much of TeX's memory you used:
 2075 strings out of 28583
 21257 string characters out of 471185
 74888 words of memory out of 524286
 4813 multiletter control sequences out of 27000
 13007 words of font info for 54 fonts, out of 800000 for 255
 176 hyphenation exceptions out of 2003
 34i,12n,32p,626b,491s stack positions out of 300i,40n,60p,3000b,4000s

Output written on S.dvi (11 pages, 48376 bytes).
