This is TeX, Version 3.1415 (C version 6.1) (format=amstex 94.6.21)  23 AUG 1999 12:11
**syllc
(syllc

AmS-TeX- Version 2.1
COPYRIGHT 1985, 1990, 1991 - AMERICAN MATHEMATICAL SOCIETY
Use of this macro package is not restricted provided
each use is acknowledged upon publication.

(/usr/local/lib/tex/inputs/amssym.tex)
Underfull \hbox (badness 10000) detected at line 37
 [] []

\hbox(54.94444+1.94444)x447.38565, glue set 28.12802
.\glue 3.33333 plus 1.66666 minus 1.11111
.\vbox(54.94444+0.0)x106.5425
..\hbox(6.94444+0.0)x52.98029
...\tenbf i
...\tenbf n
...\tenbf s
...\tenbf t
...\tenbf r
...etc.
..\glue(\baselineskip) 5.05556
..\hbox(6.94444+0.0)x51.90945
...\glue 22.99988
...\tenbf o
...\tenbf ^^N (ligature ffi)
...\tenbf c
...\tenbf e
...etc.
..\glue(\baselineskip) 5.05556
..\hbox(6.94444+1.94444)x74.5899
...\glue 22.99988
...\tenbf t
...\tenbf e
...\tenbf l
...\tenbf e
...etc.
..etc.
.\glue 3.33333 plus 1.66666 minus 1.11111
.\vbox(54.94444+1.94444)x240.417
..\hbox(6.94444+1.94444)x108.61133
...\tenrm P
...\tenrm r
...\tenrm o
...\tenrm f
...\tenrm .
...etc.
..\glue(\baselineskip) 3.22224
..\hbox(6.83331+0.0)x40.83344
...\tenrm J
...\tenrm W
...\tenrm B
...\glue 3.33333 plus 1.66498 minus 1.11221
...\tenrm 1
...etc.
..\glue(\baselineskip) 5.55556
..\hbox(6.44444+0.0)x38.33344
...\tenrm 5
...\tenrm 8
...\tenrm 1
...\tenrm -
...\tenrm 8
...etc.
..etc.

[1] [2] )
Output written on syllc.dvi (2 pages, 6016 bytes).
